Archive member included to satisfy reference by file (symbol)

./libopencm3/lib/libopencm3_stm32L4.a(flash_common_all.o)
                              out/init.o (flash_prefetch_enable)
./libopencm3/lib/libopencm3_stm32L4.a(flash_common_idcache.o)
                              out/init.o (flash_dcache_enable)
./libopencm3/lib/libopencm3_stm32L4.a(gpio_common_all.o)
                              out/init.o (gpio_clear)
./libopencm3/lib/libopencm3_stm32L4.a(gpio_common_f0234.o)
                              out/init.o (gpio_mode_setup)
./libopencm3/lib/libopencm3_stm32L4.a(rcc.o)
                              out/init.o (rcc_wait_for_sysclk_status)
./libopencm3/lib/libopencm3_stm32L4.a(rcc_common_all.o)
                              out/init.o (rcc_periph_clock_enable)
./libopencm3/lib/libopencm3_stm32L4.a(usart_common_all.o)
                              out/uart.o (usart_set_baudrate)
./libopencm3/lib/libopencm3_stm32L4.a(usart_common_v2.o)
                              ./libopencm3/lib/libopencm3_stm32L4.a(usart_common_all.o) (usart_send)
./libopencm3/lib/libopencm3_stm32L4.a(vector.o)
                              (reset_handler)

Discarded input sections

 .group         0x0000000000000000        0xc out/init.o
 .group         0x0000000000000000        0xc out/init.o
 .group         0x0000000000000000        0xc out/init.o
 .group         0x0000000000000000        0xc out/init.o
 .group         0x0000000000000000        0xc out/init.o
 .group         0x0000000000000000        0xc out/init.o
 .group         0x0000000000000000        0xc out/init.o
 .group         0x0000000000000000        0xc out/init.o
 .group         0x0000000000000000        0xc out/init.o
 .group         0x0000000000000000        0xc out/init.o
 .group         0x0000000000000000        0xc out/init.o
 .group         0x0000000000000000        0xc out/init.o
 .group         0x0000000000000000        0xc out/init.o
 .group         0x0000000000000000        0xc out/init.o
 .group         0x0000000000000000        0xc out/init.o
 .group         0x0000000000000000        0xc out/init.o
 .group         0x0000000000000000        0xc out/init.o
 .group         0x0000000000000000        0xc out/init.o
 .group         0x0000000000000000        0xc out/init.o
 .group         0x0000000000000000        0xc out/init.o
 .group         0x0000000000000000        0xc out/init.o
 .group         0x0000000000000000        0xc out/init.o
 .group         0x0000000000000000        0xc out/init.o
 .group         0x0000000000000000        0xc out/init.o
 .group         0x0000000000000000        0xc out/init.o
 .group         0x0000000000000000        0xc out/init.o
 .group         0x0000000000000000        0xc out/init.o
 .group         0x0000000000000000        0xc out/init.o
 .group         0x0000000000000000        0xc out/init.o
 .group         0x0000000000000000        0xc out/init.o
 .group         0x0000000000000000        0xc out/init.o
 .group         0x0000000000000000        0xc out/init.o
 .group         0x0000000000000000        0xc out/init.o
 .group         0x0000000000000000        0xc out/init.o
 .group         0x0000000000000000        0xc out/init.o
 .group         0x0000000000000000        0xc out/init.o
 .group         0x0000000000000000        0xc out/init.o
 .group         0x0000000000000000        0xc out/init.o
 .group         0x0000000000000000        0xc out/init.o
 .group         0x0000000000000000        0xc out/init.o
 .group         0x0000000000000000        0xc out/init.o
 .group         0x0000000000000000        0xc out/init.o
 .group         0x0000000000000000        0xc out/init.o
 .group         0x0000000000000000        0xc out/init.o
 .group         0x0000000000000000        0xc out/init.o
 .text          0x0000000000000000        0x0 out/init.o
 .data          0x0000000000000000        0x0 out/init.o
 .bss           0x0000000000000000        0x0 out/init.o
 .group         0x0000000000000000        0xc out/main.o
 .group         0x0000000000000000        0xc out/main.o
 .group         0x0000000000000000        0xc out/main.o
 .group         0x0000000000000000        0xc out/main.o
 .group         0x0000000000000000        0xc out/main.o
 .group         0x0000000000000000        0xc out/main.o
 .group         0x0000000000000000        0xc out/main.o
 .group         0x0000000000000000        0xc out/main.o
 .group         0x0000000000000000        0xc out/main.o
 .group         0x0000000000000000        0xc out/main.o
 .group         0x0000000000000000        0xc out/main.o
 .group         0x0000000000000000        0xc out/main.o
 .group         0x0000000000000000        0xc out/main.o
 .group         0x0000000000000000        0xc out/main.o
 .group         0x0000000000000000        0xc out/main.o
 .group         0x0000000000000000        0xc out/main.o
 .group         0x0000000000000000        0xc out/main.o
 .group         0x0000000000000000        0xc out/main.o
 .group         0x0000000000000000        0xc out/main.o
[...]
Memory Configuration

Name             Origin             Length             Attributes
rom              0x0000000008000000 0x0000000000040000 xr
ram              0x0000000020000000 0x0000000000010000 xrw
*default*        0x0000000000000000 0xffffffffffffffff

Linker script and memory map

LOAD out/init.o
LOAD out/main.o
LOAD out/uart.o
LOAD ./libopencm3/lib/libopencm3_stm32L4.a
START GROUP
LOAD /Applications/ARM/bin/../lib/gcc/arm-none-eabi/9.3.1/../../../../arm-none-eabi/lib/thumb/v7e-m+fp/hard/libc.a
LOAD /Applications/ARM/bin/../lib/gcc/arm-none-eabi/9.3.1/thumb/v7e-m+fp/hard/libgcc.a
LOAD /Applications/ARM/bin/../lib/gcc/arm-none-eabi/9.3.1/../../../../arm-none-eabi/lib/thumb/v7e-m+fp/hard/libnosys.a
END GROUP
START GROUP
LOAD /Applications/ARM/bin/../lib/gcc/arm-none-eabi/9.3.1/thumb/v7e-m+fp/hard/libgcc.a
LOAD /Applications/ARM/bin/../lib/gcc/arm-none-eabi/9.3.1/../../../../arm-none-eabi/lib/thumb/v7e-m+fp/hard/libg.a
LOAD /Applications/ARM/bin/../lib/gcc/arm-none-eabi/9.3.1/../../../../arm-none-eabi/lib/thumb/v7e-m+fp/hard/libc.a
END GROUP

.text           0x0000000008000000      0x478
 *(.vectors)
 .vectors       0x0000000008000000      0x1ac ./libopencm3/lib/libopencm3_stm32L4.a(vector.o)
                0x0000000008000000                vector_table
 *(.text*)
 .text.init_micro
                0x00000000080001ac       0xa4 out/init.o
                0x00000000080001ac                init_micro
 .text.startup.main
                0x0000000008000250        0x8 out/main.o
                0x0000000008000250                main
 .text.flash_prefetch_enable
                0x0000000008000258       0x10 ./libopencm3/lib/libopencm3_stm32L4.a(flash_common_all.o)
                0x0000000008000258                flash_prefetch_enable
 .text.flash_set_ws
                0x0000000008000268       0x14 ./libopencm3/lib/libopencm3_stm32L4.a(flash_common_all.o)
                0x0000000008000268                flash_set_ws
 .text.flash_dcache_enable
                0x000000000800027c       0x10 ./libopencm3/lib/libopencm3_stm32L4.a(flash_common_idcache.o)
                0x000000000800027c                flash_dcache_enable
 .text.flash_icache_enable
                0x000000000800028c       0x10 ./libopencm3/lib/libopencm3_stm32L4.a(flash_common_idcache.o)
                0x000000000800028c                flash_icache_enable
 .text.gpio_clear
                0x000000000800029c        0x6 ./libopencm3/lib/libopencm3_stm32L4.a(gpio_common_all.o)
                0x000000000800029c                gpio_clear
 .text.gpio_mode_setup
                0x00000000080002a2       0x40 ./libopencm3/lib/libopencm3_stm32L4.a(gpio_common_f0234.o)
                0x00000000080002a2                gpio_mode_setup
 *fill*         0x00000000080002e2        0x2 
 .text.rcc_wait_for_sysclk_status
                0x00000000080002e4       0x48 ./libopencm3/lib/libopencm3_stm32L4.a(rcc.o)
                0x00000000080002e4                rcc_wait_for_sysclk_status
 .text.rcc_osc_on
                0x000000000800032c       0x58 ./libopencm3/lib/libopencm3_stm32L4.a(rcc.o)
                0x000000000800032c                rcc_osc_on
 .text.rcc_set_sysclk_source
                0x0000000008000384       0x14 ./libopencm3/lib/libopencm3_stm32L4.a(rcc.o)
                0x0000000008000384                rcc_set_sysclk_source
 .text.rcc_set_main_pll
                0x0000000008000398       0x28 ./libopencm3/lib/libopencm3_stm32L4.a(rcc.o)
                0x0000000008000398                rcc_set_main_pll
 .text.rcc_periph_clock_enable
                0x00000000080003c0       0x1c ./libopencm3/lib/libopencm3_stm32L4.a(rcc_common_all.o)
                0x00000000080003c0                rcc_periph_clock_enable
 .text.blocking_handler
                0x00000000080003dc        0x2 ./libopencm3/lib/libopencm3_stm32L4.a(vector.o)
                0x00000000080003dc                exti0_isr
                0x00000000080003dc                usart3_isr
                0x00000000080003dc                swpmi1_isr
                0x00000000080003dc                tim7_isr
                0x00000000080003dc                dma2d_isr
                0x00000000080003dc                rng_isr
                0x00000000080003dc                adc1_2_isr
                0x00000000080003dc                i2c4_er_isr
                0x00000000080003dc                blocking_handler
                0x00000000080003dc                tsc_isr
                0x00000000080003dc                tim5_isr
                0x00000000080003dc                rtc_wkup_isr
                0x00000000080003dc                otg_fs_isr
                0x00000000080003dc                tim1_up_tim16_isr
                0x00000000080003dc                spi1_isr
                0x00000000080003dc                i2c3_er_isr
                0x00000000080003dc                dma2_channel7_isr
                0x00000000080003dc                exti2_isr
                0x00000000080003dc                dma1_channel6_isr
                0x00000000080003dc                dma1_channel5_isr
                0x00000000080003dc                dma2_channel5_isr
                0x00000000080003dc                tamp_stamp_isr
                0x00000000080003dc                fmc_isr
                0x00000000080003dc                can1_rx1_isr
                0x00000000080003dc                usart1_isr
                0x00000000080003dc                i2c3_ev_isr
                0x00000000080003dc                usage_fault_handler
                0x00000000080003dc                tim8_trg_com_isr
                0x00000000080003dc                can2_rx0_isr
                0x00000000080003dc                tim1_trg_com_tim17_isr
                0x00000000080003dc                can2_rx1_isr
                0x00000000080003dc                can1_sce_isr
                0x00000000080003dc                tim1_cc_isr
                0x00000000080003dc                can1_tx_isr
                0x00000000080003dc                dma1_channel4_isr
                0x00000000080003dc                tim8_brk_isr
                0x00000000080003dc                dma2_channel4_isr
                0x00000000080003dc                lptim1_isr
                0x00000000080003dc                lpuart1_isr
                0x00000000080003dc                can1_rx0_isr
                0x00000000080003dc                rcc_isr
                0x00000000080003dc                flash_isr
                0x00000000080003dc                uart4_isr
                0x00000000080003dc                rtc_alarm_isr
                0x00000000080003dc                exti15_10_isr
                0x00000000080003dc                hard_fault_handler
                0x00000000080003dc                exti1_isr
                0x00000000080003dc                i2c1_ev_isr
                0x00000000080003dc                dma2_channel1_isr
                0x00000000080003dc                dfsdm2_isr
                0x00000000080003dc                spi2_isr
                0x00000000080003dc                aes_isr
                0x00000000080003dc                tim8_up_isr
                0x00000000080003dc                tim6_dacunder_isr
                0x00000000080003dc                dma2_channel6_isr
                0x00000000080003dc                dma2_channel2_isr
                0x00000000080003dc                exti3_isr
                0x00000000080003dc                adc3_isr
                0x00000000080003dc                tim3_isr
                0x00000000080003dc                usart2_isr
                0x00000000080003dc                sai1_isr
                0x00000000080003dc                fpu_isr
                0x00000000080003dc                i2c2_er_isr
                0x00000000080003dc                i2c2_ev_isr
                0x00000000080003dc                uart5_isr
                0x00000000080003dc                dma1_channel1_isr
                0x00000000080003dc                exti4_isr
                0x00000000080003dc                dfsdm3_isr
                0x00000000080003dc                comp_isr
                0x00000000080003dc                mem_manage_handler
                0x00000000080003dc                can2_tx_isr
                0x00000000080003dc                lptim2_isr
                0x00000000080003dc                lcd_isr
                0x00000000080003dc                exti9_5_isr
                0x00000000080003dc                dma2_channel3_isr
                0x00000000080003dc                dfsdm1_isr
                0x00000000080003dc                dma1_channel7_isr
                0x00000000080003dc                pvd_pvm_isr
                0x00000000080003dc                can2_sce_isr
                0x00000000080003dc                tim4_isr
                0x00000000080003dc                sai2_isr
                0x00000000080003dc                dma1_channel2_isr
                0x00000000080003dc                i2c1_er_isr
                0x00000000080003dc                tim8_cc_isr
                0x00000000080003dc                dcmi_isr
                0x00000000080003dc                hash_crs_isr
                0x00000000080003dc                bus_fault_handler
                0x00000000080003dc                wwdg_isr
                0x00000000080003dc                tim1_brk_tim15_isr
                0x00000000080003dc                dma1_channel3_isr
                0x00000000080003dc                sdmmc1_isr
                0x00000000080003dc                spi3_isr
                0x00000000080003dc                quadspi_isr
                0x00000000080003dc                dfsdm0_isr
                0x00000000080003dc                tim2_isr
                0x00000000080003dc                i2c4_ev_isr
 .text.null_handler
                0x00000000080003de        0x2 ./libopencm3/lib/libopencm3_stm32L4.a(vector.o)
                0x00000000080003de                null_handler
                0x00000000080003de                sv_call_handler
                0x00000000080003de                pend_sv_handler
                0x00000000080003de                debug_monitor_handler
                0x00000000080003de                sys_tick_handler
                0x00000000080003de                nmi_handler
 .text.reset_handler
                0x00000000080003e0       0x98 ./libopencm3/lib/libopencm3_stm32L4.a(vector.o)
                0x00000000080003e0                reset_handler
                0x0000000008000478                . = ALIGN (0x4)
 *(.rodata*)
                0x0000000008000478                . = ALIGN (0x4)

.glue_7         0x0000000008000478        0x0
 .glue_7        0x0000000008000478        0x0 linker stubs

.glue_7t        0x0000000008000478        0x0
 .glue_7t       0x0000000008000478        0x0 linker stubs

.vfp11_veneer   0x0000000008000478        0x0
 .vfp11_veneer  0x0000000008000478        0x0 linker stubs

.v4_bx          0x0000000008000478        0x0
 .v4_bx         0x0000000008000478        0x0 linker stubs

.iplt           0x0000000008000478        0x0
 .iplt          0x0000000008000478        0x0 out/init.o

.rel.dyn        0x0000000008000478        0x0
 .rel.iplt      0x0000000008000478        0x0 out/init.o

.preinit_array  0x0000000008000478        0x0
                0x0000000008000478                . = ALIGN (0x4)
                0x0000000008000478                __preinit_array_start = .
 *(.preinit_array)
                0x0000000008000478                __preinit_array_end = .

.init_array     0x0000000008000478        0x0
                0x0000000008000478                . = ALIGN (0x4)
                0x0000000008000478                __init_array_start = .
 *(SORT_BY_NAME(.init_array.*))
 *(.init_array)
                0x0000000008000478                __init_array_end = .

.fini_array     0x0000000008000478        0x0
                0x0000000008000478                . = ALIGN (0x4)
                0x0000000008000478                __fini_array_start = .
 *(.fini_array)
 *(SORT_BY_NAME(.fini_array.*))
                0x0000000008000478                __fini_array_end = .

.ARM.extab
 *(.ARM.extab*)

.ARM.exidx      0x0000000008000478        0x0
                0x0000000008000478                __exidx_start = .
 *(.ARM.exidx*)
                0x0000000008000478                __exidx_end = .
                0x0000000008000478                . = ALIGN (0x4)
                0x0000000008000478                _etext = .

.noinit
 *(.noinit*)
                0x0000000008000478                . = ALIGN (0x4)

.data           0x0000000020000000        0xc load address 0x0000000008000478
                0x0000000020000000                _data = .
 *(.data*)
 .data.rcc_ahb_frequency
                0x0000000020000000        0x4 ./libopencm3/lib/libopencm3_stm32L4.a(rcc.o)
                0x0000000020000000                rcc_ahb_frequency
 .data.rcc_apb1_frequency
                0x0000000020000004        0x4 ./libopencm3/lib/libopencm3_stm32L4.a(rcc.o)
                0x0000000020000004                rcc_apb1_frequency
 .data.rcc_apb2_frequency
                0x0000000020000008        0x4 ./libopencm3/lib/libopencm3_stm32L4.a(rcc.o)
                0x0000000020000008                rcc_apb2_frequency
 *(.ramtext*)
                0x000000002000000c                . = ALIGN (0x4)
                0x000000002000000c                _edata = .
                0x0000000008000478                _data_loadaddr = LOADADDR (.data)

.igot.plt       0x000000002000000c        0x0 load address 0x0000000008000484
 .igot.plt      0x000000002000000c        0x0 out/init.o

.bss            0x000000002000000c        0x0 load address 0x0000000008000484
 *(.bss*)
 *(COMMON)
                0x000000002000000c                . = ALIGN (0x4)
                0x000000002000000c                _ebss = .

/DISCARD/
 *(.eh_frame)
                0x000000002000000c                . = ALIGN (0x4)
                0x000000002000000c                end = .
                0x0000000020010000                PROVIDE (_stack = (ORIGIN (ram) + LENGTH (ram)))
OUTPUT(out/pdsupply.elf elf32-littlearm)
LOAD linker stubs

.debug_info     0x0000000000000000     0x33ae
 .debug_info    0x0000000000000000     0x1008 out/init.o
 .debug_info    0x0000000000001008      0x98b out/main.o
 .debug_info    0x0000000000001993       0xfc ./libopencm3/lib/libopencm3_stm32L4.a(flash_common_all.o)
 .debug_info    0x0000000000001a8f       0xf4 ./libopencm3/lib/libopencm3_stm32L4.a(flash_common_idcache.o)
 .debug_info    0x0000000000001b83      0x266 ./libopencm3/lib/libopencm3_stm32L4.a(gpio_common_all.o)
 .debug_info    0x0000000000001de9      0x233 ./libopencm3/lib/libopencm3_stm32L4.a(gpio_common_f0234.o)
 .debug_info    0x000000000000201c      0x832 ./libopencm3/lib/libopencm3_stm32L4.a(rcc.o)
 .debug_info    0x000000000000284e      0x86e ./libopencm3/lib/libopencm3_stm32L4.a(rcc_common_all.o)
 .debug_info    0x00000000000030bc      0x2f2 ./libopencm3/lib/libopencm3_stm32L4.a(vector.o)

.debug_abbrev   0x0000000000000000      0xd52
 .debug_abbrev  0x0000000000000000      0x2ef out/init.o
 .debug_abbrev  0x00000000000002ef      0x203 out/main.o
 .debug_abbrev  0x00000000000004f2       0x9a ./libopencm3/lib/libopencm3_stm32L4.a(flash_common_all.o)
 .debug_abbrev  0x000000000000058c       0x56 ./libopencm3/lib/libopencm3_stm32L4.a(flash_common_idcache.o)
 .debug_abbrev  0x00000000000005e2      0x116 ./libopencm3/lib/libopencm3_stm32L4.a(gpio_common_all.o)
 .debug_abbrev  0x00000000000006f8       0xbf ./libopencm3/lib/libopencm3_stm32L4.a(gpio_common_f0234.o)
 .debug_abbrev  0x00000000000007b7      0x2b6 ./libopencm3/lib/libopencm3_stm32L4.a(rcc.o)
 .debug_abbrev  0x0000000000000a6d      0x18a ./libopencm3/lib/libopencm3_stm32L4.a(rcc_common_all.o)
 .debug_abbrev  0x0000000000000bf7      0x15b ./libopencm3/lib/libopencm3_stm32L4.a(vector.o)

.debug_loc      0x0000000000000000      0xccc
 .debug_loc     0x0000000000000000       0x5c out/init.o
 .debug_loc     0x000000000000005c       0x47 ./libopencm3/lib/libopencm3_stm32L4.a(flash_common_all.o)
 .debug_loc     0x00000000000000a3       0xbe ./libopencm3/lib/libopencm3_stm32L4.a(gpio_common_all.o)
 .debug_loc     0x0000000000000161      0x14d ./libopencm3/lib/libopencm3_stm32L4.a(gpio_common_f0234.o)
 .debug_loc     0x00000000000002ae      0x7d6 ./libopencm3/lib/libopencm3_stm32L4.a(rcc.o)
 .debug_loc     0x0000000000000a84      0x120 ./libopencm3/lib/libopencm3_stm32L4.a(rcc_common_all.o)
 .debug_loc     0x0000000000000ba4      0x128 ./libopencm3/lib/libopencm3_stm32L4.a(vector.o)

.debug_aranges  0x0000000000000000      0x2e8
 .debug_aranges
                0x0000000000000000       0x20 out/init.o
 .debug_aranges
                0x0000000000000020       0x20 out/main.o
 .debug_aranges
                0x0000000000000040       0x38 ./libopencm3/lib/libopencm3_stm32L4.a(flash_common_all.o)
 .debug_aranges
                0x0000000000000078       0x48 ./libopencm3/lib/libopencm3_stm32L4.a(flash_common_idcache.o)
 .debug_aranges
                0x00000000000000c0       0x50 ./libopencm3/lib/libopencm3_stm32L4.a(gpio_common_all.o)
 .debug_aranges
                0x0000000000000110       0x30 ./libopencm3/lib/libopencm3_stm32L4.a(gpio_common_f0234.o)
 .debug_aranges
                0x0000000000000140      0x118 ./libopencm3/lib/libopencm3_stm32L4.a(rcc.o)
 .debug_aranges
                0x0000000000000258       0x60 ./libopencm3/lib/libopencm3_stm32L4.a(rcc_common_all.o)
 .debug_aranges
                0x00000000000002b8       0x30 ./libopencm3/lib/libopencm3_stm32L4.a(vector.o)

.debug_ranges   0x0000000000000000      0x2e0
 .debug_ranges  0x0000000000000000       0x68 out/init.o
 .debug_ranges  0x0000000000000068       0x10 out/main.o
 .debug_ranges  0x0000000000000078       0x28 ./libopencm3/lib/libopencm3_stm32L4.a(flash_common_all.o)
 .debug_ranges  0x00000000000000a0       0x38 ./libopencm3/lib/libopencm3_stm32L4.a(flash_common_idcache.o)
 .debug_ranges  0x00000000000000d8       0x40 ./libopencm3/lib/libopencm3_stm32L4.a(gpio_common_all.o)
 .debug_ranges  0x0000000000000118       0x20 ./libopencm3/lib/libopencm3_stm32L4.a(gpio_common_f0234.o)
 .debug_ranges  0x0000000000000138      0x138 ./libopencm3/lib/libopencm3_stm32L4.a(rcc.o)
 .debug_ranges  0x0000000000000270       0x50 ./libopencm3/lib/libopencm3_stm32L4.a(rcc_common_all.o)
 .debug_ranges  0x00000000000002c0       0x20 ./libopencm3/lib/libopencm3_stm32L4.a(vector.o)

.debug_macro    0x0000000000000000     0x68b2
 .debug_macro   0x0000000000000000      0x28c out/init.o
 .debug_macro   0x000000000000028c      0xaa8 out/init.o
 .debug_macro   0x0000000000000d34       0x1c out/init.o
 .debug_macro   0x0000000000000d50       0x22 out/init.o
 .debug_macro   0x0000000000000d72       0x56 out/init.o
 .debug_macro   0x0000000000000dc8       0x51 out/init.o
 .debug_macro   0x0000000000000e19      0x103 out/init.o
 .debug_macro   0x0000000000000f1c       0x6a out/init.o
 .debug_macro   0x0000000000000f86      0x1df out/init.o
 .debug_macro   0x0000000000001165       0x22 out/init.o
 .debug_macro   0x0000000000001187       0xe8 out/init.o
 .debug_macro   0x000000000000126f       0x76 out/init.o
 .debug_macro   0x00000000000012e5       0x68 out/init.o
 .debug_macro   0x000000000000134d      0x22c out/init.o
 .debug_macro   0x0000000000001579      0x21d out/init.o
 .debug_macro   0x0000000000001796       0xee out/init.o
 .debug_macro   0x0000000000001884       0x28 out/init.o
 .debug_macro   0x00000000000018ac       0x1c out/init.o
 .debug_macro   0x00000000000018c8      0x2f3 out/init.o
 .debug_macro   0x0000000000001bbb       0x76 out/init.o
 .debug_macro   0x0000000000001c31      0x37e out/init.o
 .debug_macro   0x0000000000001faf       0xca out/init.o
 .debug_macro   0x0000000000002079       0x88 out/init.o
 .debug_macro   0x0000000000002101      0xce0 out/init.o
 .debug_macro   0x0000000000002de1      0xf6b out/init.o
 .debug_macro   0x0000000000003d4c       0x94 out/init.o
 .debug_macro   0x0000000000003de0      0x55b out/init.o
 .debug_macro   0x000000000000433b       0x28 out/init.o
 .debug_macro   0x0000000000004363       0x64 out/init.o
 .debug_macro   0x00000000000043c7       0x18 out/init.o
 .debug_macro   0x00000000000043df       0x35 out/init.o
 .debug_macro   0x0000000000004414       0x34 out/init.o
 .debug_macro   0x0000000000004448       0x16 out/init.o
 .debug_macro   0x000000000000445e       0x97 out/init.o
 .debug_macro   0x00000000000044f5      0x339 out/init.o
 .debug_macro   0x000000000000482e       0xfd out/init.o
 .debug_macro   0x000000000000492b       0x10 out/init.o
 .debug_macro   0x000000000000493b       0x16 out/init.o
 .debug_macro   0x0000000000004951       0x43 out/init.o
 .debug_macro   0x0000000000004994       0x34 out/init.o
 .debug_macro   0x00000000000049c8       0x10 out/init.o
 .debug_macro   0x00000000000049d8       0x58 out/init.o
 .debug_macro   0x0000000000004a30      0x182 out/init.o
 .debug_macro   0x0000000000004bb2       0xbe out/init.o
 .debug_macro   0x0000000000004c70       0x16 out/init.o
 .debug_macro   0x0000000000004c86      0x129 out/init.o
 .debug_macro   0x0000000000004daf      0x1b1 out/main.o
 .debug_macro   0x0000000000004f60       0x5e out/main.o
 .debug_macro   0x0000000000004fbe       0x5c out/main.o
 .debug_macro   0x000000000000501a       0x57 out/main.o
 .debug_macro   0x0000000000005071       0x10 out/main.o
 .debug_macro   0x0000000000005081       0xb2 out/main.o
 .debug_macro   0x0000000000005133      0x217 out/main.o
 .debug_macro   0x000000000000534a       0xc8 ./libopencm3/lib/libopencm3_stm32L4.a(flash_common_all.o)
 .debug_macro   0x0000000000005412      0xa9c ./libopencm3/lib/libopencm3_stm32L4.a(flash_common_all.o)
 .debug_macro   0x0000000000005eae       0x56 ./libopencm3/lib/libopencm3_stm32L4.a(flash_common_all.o)
 .debug_macro   0x0000000000005f04       0xc8 ./libopencm3/lib/libopencm3_stm32L4.a(flash_common_idcache.o)
 .debug_macro   0x0000000000005fcc       0xd6 ./libopencm3/lib/libopencm3_stm32L4.a(gpio_common_all.o)
 .debug_macro   0x00000000000060a2       0xd6 ./libopencm3/lib/libopencm3_stm32L4.a(gpio_common_f0234.o)
 .debug_macro   0x0000000000006178       0xc3 ./libopencm3/lib/libopencm3_stm32L4.a(rcc.o)
 .debug_macro   0x000000000000623b       0x16 ./libopencm3/lib/libopencm3_stm32L4.a(rcc.o)
 .debug_macro   0x0000000000006251       0xce ./libopencm3/lib/libopencm3_stm32L4.a(rcc_common_all.o)
 .debug_macro   0x000000000000631f       0xd3 ./libopencm3/lib/libopencm3_stm32L4.a(vector.o)
 .debug_macro   0x00000000000063f2      0x452 ./libopencm3/lib/libopencm3_stm32L4.a(vector.o)
 .debug_macro   0x0000000000006844       0x6e ./libopencm3/lib/libopencm3_stm32L4.a(vector.o)

.debug_line     0x0000000000000000     0x2978
 .debug_line    0x0000000000000000      0x568 out/init.o
 .debug_line    0x0000000000000568      0x372 out/main.o
 .debug_line    0x00000000000008da      0x31d ./libopencm3/lib/libopencm3_stm32L4.a(flash_common_all.o)
 .debug_line    0x0000000000000bf7      0x336 ./libopencm3/lib/libopencm3_stm32L4.a(flash_common_idcache.o)
 .debug_line    0x0000000000000f2d      0x393 ./libopencm3/lib/libopencm3_stm32L4.a(gpio_common_all.o)
 .debug_line    0x00000000000012c0      0x462 ./libopencm3/lib/libopencm3_stm32L4.a(gpio_common_f0234.o)
 .debug_line    0x0000000000001722      0xa72 ./libopencm3/lib/libopencm3_stm32L4.a(rcc.o)
 .debug_line    0x0000000000002194      0x3d5 ./libopencm3/lib/libopencm3_stm32L4.a(rcc_common_all.o)
 .debug_line    0x0000000000002569      0x40f ./libopencm3/lib/libopencm3_stm32L4.a(vector.o)

.debug_str      0x0000000000000000    0x17d1e
 .debug_str     0x0000000000000000    0x14ff5 out/init.o
                                      0x1524a (size before relaxing)
 .debug_str     0x0000000000014ff5       0x26 out/main.o
                                       0xa28e (size before relaxing)
 .debug_str     0x000000000001501b      0x17d ./libopencm3/lib/libopencm3_stm32L4.a(flash_common_all.o)
                                       0x5f53 (size before relaxing)
 .debug_str     0x0000000000015198       0x71 ./libopencm3/lib/libopencm3_stm32L4.a(flash_common_idcache.o)
                                       0x5f75 (size before relaxing)
 .debug_str     0x0000000000015209       0x89 ./libopencm3/lib/libopencm3_stm32L4.a(gpio_common_all.o)
                                       0x6642 (size before relaxing)
 .debug_str     0x0000000000015292       0x82 ./libopencm3/lib/libopencm3_stm32L4.a(gpio_common_f0234.o)
                                       0x6664 (size before relaxing)
 .debug_str     0x0000000000015314      0x385 ./libopencm3/lib/libopencm3_stm32L4.a(rcc.o)
                                       0x8ba9 (size before relaxing)
 .debug_str     0x0000000000015699      0x3c3 ./libopencm3/lib/libopencm3_stm32L4.a(rcc_common_all.o)
                                       0x9045 (size before relaxing)
 .debug_str     0x0000000000015a5c     0x22c2 ./libopencm3/lib/libopencm3_stm32L4.a(vector.o)
                                       0x6ea0 (size before relaxing)

.comment        0x0000000000000000       0x4c
 .comment       0x0000000000000000       0x4c out/init.o
                                         0x4d (size before relaxing)
 .comment       0x000000000000004c       0x4d out/main.o
 .comment       0x000000000000004c       0x4d ./libopencm3/lib/libopencm3_stm32L4.a(flash_common_all.o)
 .comment       0x000000000000004c       0x4d ./libopencm3/lib/libopencm3_stm32L4.a(flash_common_idcache.o)
 .comment       0x000000000000004c       0x4d ./libopencm3/lib/libopencm3_stm32L4.a(gpio_common_all.o)
 .comment       0x000000000000004c       0x4d ./libopencm3/lib/libopencm3_stm32L4.a(gpio_common_f0234.o)
 .comment       0x000000000000004c       0x4d ./libopencm3/lib/libopencm3_stm32L4.a(rcc.o)
 .comment       0x000000000000004c       0x4d ./libopencm3/lib/libopencm3_stm32L4.a(rcc_common_all.o)
 .comment       0x000000000000004c       0x4d ./libopencm3/lib/libopencm3_stm32L4.a(vector.o)

.ARM.attributes
                0x0000000000000000       0x34
 .ARM.attributes
                0x0000000000000000       0x34 out/init.o
 .ARM.attributes
                0x0000000000000034       0x34 out/main.o
 .ARM.attributes
                0x0000000000000068       0x34 ./libopencm3/lib/libopencm3_stm32L4.a(flash_common_all.o)
 .ARM.attributes
                0x000000000000009c       0x34 ./libopencm3/lib/libopencm3_stm32L4.a(flash_common_idcache.o)
 .ARM.attributes
                0x00000000000000d0       0x34 ./libopencm3/lib/libopencm3_stm32L4.a(gpio_common_all.o)
 .ARM.attributes
                0x0000000000000104       0x34 ./libopencm3/lib/libopencm3_stm32L4.a(gpio_common_f0234.o)
 .ARM.attributes
                0x0000000000000138       0x34 ./libopencm3/lib/libopencm3_stm32L4.a(rcc.o)
 .ARM.attributes
                0x000000000000016c       0x34 ./libopencm3/lib/libopencm3_stm32L4.a(rcc_common_all.o)
 .ARM.attributes
                0x00000000000001a0       0x34 ./libopencm3/lib/libopencm3_stm32L4.a(vector.o)

.debug_frame    0x0000000000000000      0x55c
 .debug_frame   0x0000000000000000       0x30 out/init.o
 .debug_frame   0x0000000000000030       0x28 out/main.o
 .debug_frame   0x0000000000000058       0x50 ./libopencm3/lib/libopencm3_stm32L4.a(flash_common_all.o)
 .debug_frame   0x00000000000000a8       0x70 ./libopencm3/lib/libopencm3_stm32L4.a(flash_common_idcache.o)
 .debug_frame   0x0000000000000118       0x80 ./libopencm3/lib/libopencm3_stm32L4.a(gpio_common_all.o)
 .debug_frame   0x0000000000000198       0x70 ./libopencm3/lib/libopencm3_stm32L4.a(gpio_common_f0234.o)
 .debug_frame   0x0000000000000208      0x228 ./libopencm3/lib/libopencm3_stm32L4.a(rcc.o)
 .debug_frame   0x0000000000000430       0xe0 ./libopencm3/lib/libopencm3_stm32L4.a(rcc_common_all.o)
 .debug_frame   0x0000000000000510       0x4c ./libopencm3/lib/libopencm3_stm32L4.a(vector.o)

Cross Reference Table

Symbol                                            File
__fini_array_end                                  ./libopencm3/lib/libopencm3_stm32L4.a(vector.o)
__fini_array_start                                ./libopencm3/lib/libopencm3_stm32L4.a(vector.o)
__init_array_end                                  ./libopencm3/lib/libopencm3_stm32L4.a(vector.o)
__init_array_start                                ./libopencm3/lib/libopencm3_stm32L4.a(vector.o)
__preinit_array_end                               ./libopencm3/lib/libopencm3_stm32L4.a(vector.o)
__preinit_array_start                             ./libopencm3/lib/libopencm3_stm32L4.a(vector.o)
_data                                             ./libopencm3/lib/libopencm3_stm32L4.a(vector.o)
_data_loadaddr                                    ./libopencm3/lib/libopencm3_stm32L4.a(vector.o)
_ebss                                             ./libopencm3/lib/libopencm3_stm32L4.a(vector.o)
_edata                                            ./libopencm3/lib/libopencm3_stm32L4.a(vector.o)
_stack                                            ./libopencm3/lib/libopencm3_stm32L4.a(vector.o)
adc1_2_isr                                        ./libopencm3/lib/libopencm3_stm32L4.a(vector.o)
adc3_isr                                          ./libopencm3/lib/libopencm3_stm32L4.a(vector.o)
aes_isr                                           ./libopencm3/lib/libopencm3_stm32L4.a(vector.o)
blocking_handler                                  ./libopencm3/lib/libopencm3_stm32L4.a(vector.o)
bus_fault_handler                                 ./libopencm3/lib/libopencm3_stm32L4.a(vector.o)
can1_rx0_isr                                      ./libopencm3/lib/libopencm3_stm32L4.a(vector.o)
can1_rx1_isr                                      ./libopencm3/lib/libopencm3_stm32L4.a(vector.o)
can1_sce_isr                                      ./libopencm3/lib/libopencm3_stm32L4.a(vector.o)
can1_tx_isr                                       ./libopencm3/lib/libopencm3_stm32L4.a(vector.o)
can2_rx0_isr                                      ./libopencm3/lib/libopencm3_stm32L4.a(vector.o)
can2_rx1_isr                                      ./libopencm3/lib/libopencm3_stm32L4.a(vector.o)
can2_sce_isr                                      ./libopencm3/lib/libopencm3_stm32L4.a(vector.o)
can2_tx_isr                                       ./libopencm3/lib/libopencm3_stm32L4.a(vector.o)
comp_isr                                          ./libopencm3/lib/libopencm3_stm32L4.a(vector.o)
control                                           out/uart.o
dcmi_isr                                          ./libopencm3/lib/libopencm3_stm32L4.a(vector.o)
debug_monitor_handler                             ./libopencm3/lib/libopencm3_stm32L4.a(vector.o)
dfsdm0_isr                                        ./libopencm3/lib/libopencm3_stm32L4.a(vector.o)
dfsdm1_isr                                        ./libopencm3/lib/libopencm3_stm32L4.a(vector.o)
dfsdm2_isr                                        ./libopencm3/lib/libopencm3_stm32L4.a(vector.o)
dfsdm3_isr                                        ./libopencm3/lib/libopencm3_stm32L4.a(vector.o)
dma1_channel1_isr                                 ./libopencm3/lib/libopencm3_stm32L4.a(vector.o)
dma1_channel2_isr                                 ./libopencm3/lib/libopencm3_stm32L4.a(vector.o)
dma1_channel3_isr                                 ./libopencm3/lib/libopencm3_stm32L4.a(vector.o)
dma1_channel4_isr                                 ./libopencm3/lib/libopencm3_stm32L4.a(vector.o)
dma1_channel5_isr                                 ./libopencm3/lib/libopencm3_stm32L4.a(vector.o)
dma1_channel6_isr                                 ./libopencm3/lib/libopencm3_stm32L4.a(vector.o)
dma1_channel7_isr                                 ./libopencm3/lib/libopencm3_stm32L4.a(vector.o)
dma2_channel1_isr                                 ./libopencm3/lib/libopencm3_stm32L4.a(vector.o)
dma2_channel2_isr                                 ./libopencm3/lib/libopencm3_stm32L4.a(vector.o)
dma2_channel3_isr                                 ./libopencm3/lib/libopencm3_stm32L4.a(vector.o)
dma2_channel4_isr                                 ./libopencm3/lib/libopencm3_stm32L4.a(vector.o)
dma2_channel5_isr                                 ./libopencm3/lib/libopencm3_stm32L4.a(vector.o)
dma2_channel6_isr                                 ./libopencm3/lib/libopencm3_stm32L4.a(vector.o)
dma2_channel7_isr                                 ./libopencm3/lib/libopencm3_stm32L4.a(vector.o)
dma2d_isr                                         ./libopencm3/lib/libopencm3_stm32L4.a(vector.o)
exti0_isr                                         ./libopencm3/lib/libopencm3_stm32L4.a(vector.o)
exti15_10_isr                                     ./libopencm3/lib/libopencm3_stm32L4.a(vector.o)
exti1_isr                                         ./libopencm3/lib/libopencm3_stm32L4.a(vector.o)
exti2_isr                                         ./libopencm3/lib/libopencm3_stm32L4.a(vector.o)
exti3_isr                                         ./libopencm3/lib/libopencm3_stm32L4.a(vector.o)
exti4_isr                                         ./libopencm3/lib/libopencm3_stm32L4.a(vector.o)
exti9_5_isr                                       ./libopencm3/lib/libopencm3_stm32L4.a(vector.o)
feedback                                          out/uart.o
flash_dcache_disable                              ./libopencm3/lib/libopencm3_stm32L4.a(flash_common_idcache.o)
flash_dcache_enable                               ./libopencm3/lib/libopencm3_stm32L4.a(flash_common_idcache.o)
                                                  out/init.o
flash_dcache_reset                                ./libopencm3/lib/libopencm3_stm32L4.a(flash_common_idcache.o)
flash_icache_disable                              ./libopencm3/lib/libopencm3_stm32L4.a(flash_common_idcache.o)
flash_icache_enable                               ./libopencm3/lib/libopencm3_stm32L4.a(flash_common_idcache.o)
                                                  out/init.o
flash_icache_reset                                ./libopencm3/lib/libopencm3_stm32L4.a(flash_common_idcache.o)
flash_isr                                         ./libopencm3/lib/libopencm3_stm32L4.a(vector.o)
flash_prefetch_disable                            ./libopencm3/lib/libopencm3_stm32L4.a(flash_common_all.o)
flash_prefetch_enable                             ./libopencm3/lib/libopencm3_stm32L4.a(flash_common_all.o)
                                                  out/init.o
flash_set_ws                                      ./libopencm3/lib/libopencm3_stm32L4.a(flash_common_all.o)
                                                  out/init.o
flash_unlock_option_bytes                         ./libopencm3/lib/libopencm3_stm32L4.a(flash_common_all.o)
fmc_isr                                           ./libopencm3/lib/libopencm3_stm32L4.a(vector.o)
fpu_isr                                           ./libopencm3/lib/libopencm3_stm32L4.a(vector.o)
gpio_clear                                        ./libopencm3/lib/libopencm3_stm32L4.a(gpio_common_all.o)
                                                  out/init.o
gpio_get                                          ./libopencm3/lib/libopencm3_stm32L4.a(gpio_common_all.o)
gpio_mode_setup                                   ./libopencm3/lib/libopencm3_stm32L4.a(gpio_common_f0234.o)
                                                  out/init.o
gpio_port_config_lock                             ./libopencm3/lib/libopencm3_stm32L4.a(gpio_common_all.o)
gpio_port_read                                    ./libopencm3/lib/libopencm3_stm32L4.a(gpio_common_all.o)
gpio_port_write                                   ./libopencm3/lib/libopencm3_stm32L4.a(gpio_common_all.o)
gpio_set                                          ./libopencm3/lib/libopencm3_stm32L4.a(gpio_common_all.o)
gpio_set_af                                       ./libopencm3/lib/libopencm3_stm32L4.a(gpio_common_f0234.o)
gpio_set_output_options                           ./libopencm3/lib/libopencm3_stm32L4.a(gpio_common_f0234.o)
gpio_toggle                                       ./libopencm3/lib/libopencm3_stm32L4.a(gpio_common_all.o)
hard_fault_handler                                ./libopencm3/lib/libopencm3_stm32L4.a(vector.o)
hash_crs_isr                                      ./libopencm3/lib/libopencm3_stm32L4.a(vector.o)
i2c1_er_isr                                       ./libopencm3/lib/libopencm3_stm32L4.a(vector.o)
i2c1_ev_isr                                       ./libopencm3/lib/libopencm3_stm32L4.a(vector.o)
i2c2_er_isr                                       ./libopencm3/lib/libopencm3_stm32L4.a(vector.o)
i2c2_ev_isr                                       ./libopencm3/lib/libopencm3_stm32L4.a(vector.o)
i2c3_er_isr                                       ./libopencm3/lib/libopencm3_stm32L4.a(vector.o)
i2c3_ev_isr                                       ./libopencm3/lib/libopencm3_stm32L4.a(vector.o)
i2c4_er_isr                                       ./libopencm3/lib/libopencm3_stm32L4.a(vector.o)
i2c4_ev_isr                                       ./libopencm3/lib/libopencm3_stm32L4.a(vector.o)
init_micro                                        out/init.o
                                                  out/main.o
lcd_isr                                           ./libopencm3/lib/libopencm3_stm32L4.a(vector.o)
lptim1_isr                                        ./libopencm3/lib/libopencm3_stm32L4.a(vector.o)
lptim2_isr                                        ./libopencm3/lib/libopencm3_stm32L4.a(vector.o)
lpuart1_isr                                       ./libopencm3/lib/libopencm3_stm32L4.a(vector.o)
main                                              out/main.o
                                                  ./libopencm3/lib/libopencm3_stm32L4.a(vector.o)
mem_manage_handler                                ./libopencm3/lib/libopencm3_stm32L4.a(vector.o)
nmi_handler                                       ./libopencm3/lib/libopencm3_stm32L4.a(vector.o)
null_handler                                      ./libopencm3/lib/libopencm3_stm32L4.a(vector.o)
otg_fs_isr                                        ./libopencm3/lib/libopencm3_stm32L4.a(vector.o)
pend_sv_handler                                   ./libopencm3/lib/libopencm3_stm32L4.a(vector.o)
pvd_pvm_isr                                       ./libopencm3/lib/libopencm3_stm32L4.a(vector.o)
quadspi_isr                                       ./libopencm3/lib/libopencm3_stm32L4.a(vector.o)
rcc_ahb_frequency                                 ./libopencm3/lib/libopencm3_stm32L4.a(rcc.o)
                                                  out/init.o
rcc_apb1_frequency                                ./libopencm3/lib/libopencm3_stm32L4.a(rcc.o)
                                                  ./libopencm3/lib/libopencm3_stm32L4.a(usart_common_all.o)
                                                  out/init.o
rcc_apb2_frequency                                ./libopencm3/lib/libopencm3_stm32L4.a(rcc.o)
                                                  ./libopencm3/lib/libopencm3_stm32L4.a(usart_common_all.o)
                                                  out/init.o
rcc_css_disable                                   ./libopencm3/lib/libopencm3_stm32L4.a(rcc.o)
rcc_css_enable                                    ./libopencm3/lib/libopencm3_stm32L4.a(rcc.o)
rcc_css_int_clear                                 ./libopencm3/lib/libopencm3_stm32L4.a(rcc.o)
rcc_css_int_flag                                  ./libopencm3/lib/libopencm3_stm32L4.a(rcc.o)
rcc_disable_rtc_clock                             ./libopencm3/lib/libopencm3_stm32L4.a(rcc.o)
rcc_enable_rtc_clock                              ./libopencm3/lib/libopencm3_stm32L4.a(rcc.o)
rcc_get_div_from_hpre                             ./libopencm3/lib/libopencm3_stm32L4.a(rcc_common_all.o)
                                                  ./libopencm3/lib/libopencm3_stm32L4.a(rcc.o)
rcc_get_i2c_clk_freq                              ./libopencm3/lib/libopencm3_stm32L4.a(rcc.o)
rcc_get_spi_clk_freq                              ./libopencm3/lib/libopencm3_stm32L4.a(rcc.o)
rcc_get_timer_clk_freq                            ./libopencm3/lib/libopencm3_stm32L4.a(rcc.o)
rcc_get_usart_clk_freq                            ./libopencm3/lib/libopencm3_stm32L4.a(rcc.o)
rcc_is_osc_ready                                  ./libopencm3/lib/libopencm3_stm32L4.a(rcc.o)
rcc_isr                                           ./libopencm3/lib/libopencm3_stm32L4.a(vector.o)
rcc_osc_bypass_disable                            ./libopencm3/lib/libopencm3_stm32L4.a(rcc_common_all.o)
rcc_osc_bypass_enable                             ./libopencm3/lib/libopencm3_stm32L4.a(rcc_common_all.o)
rcc_osc_off                                       ./libopencm3/lib/libopencm3_stm32L4.a(rcc.o)
rcc_osc_on                                        ./libopencm3/lib/libopencm3_stm32L4.a(rcc.o)
                                                  out/init.o
rcc_osc_ready_int_clear                           ./libopencm3/lib/libopencm3_stm32L4.a(rcc.o)
rcc_osc_ready_int_disable                         ./libopencm3/lib/libopencm3_stm32L4.a(rcc.o)
rcc_osc_ready_int_enable                          ./libopencm3/lib/libopencm3_stm32L4.a(rcc.o)
rcc_osc_ready_int_flag                            ./libopencm3/lib/libopencm3_stm32L4.a(rcc.o)
rcc_periph_clock_disable                          ./libopencm3/lib/libopencm3_stm32L4.a(rcc_common_all.o)
rcc_periph_clock_enable                           ./libopencm3/lib/libopencm3_stm32L4.a(rcc_common_all.o)
                                                  out/uart.o
                                                  out/init.o
rcc_periph_reset_hold                             ./libopencm3/lib/libopencm3_stm32L4.a(rcc_common_all.o)
rcc_periph_reset_pulse                            ./libopencm3/lib/libopencm3_stm32L4.a(rcc_common_all.o)
rcc_periph_reset_release                          ./libopencm3/lib/libopencm3_stm32L4.a(rcc_common_all.o)
rcc_peripheral_clear_reset                        ./libopencm3/lib/libopencm3_stm32L4.a(rcc_common_all.o)
rcc_peripheral_disable_clock                      ./libopencm3/lib/libopencm3_stm32L4.a(rcc_common_all.o)
rcc_peripheral_enable_clock                       ./libopencm3/lib/libopencm3_stm32L4.a(rcc_common_all.o)
rcc_peripheral_reset                              ./libopencm3/lib/libopencm3_stm32L4.a(rcc_common_all.o)
rcc_pll_output_enable                             ./libopencm3/lib/libopencm3_stm32L4.a(rcc.o)
rcc_set_clock48_source                            ./libopencm3/lib/libopencm3_stm32L4.a(rcc.o)
rcc_set_hpre                                      ./libopencm3/lib/libopencm3_stm32L4.a(rcc.o)
rcc_set_main_pll                                  ./libopencm3/lib/libopencm3_stm32L4.a(rcc.o)
                                                  out/init.o
rcc_set_mco                                       ./libopencm3/lib/libopencm3_stm32L4.a(rcc_common_all.o)
rcc_set_msi_range                                 ./libopencm3/lib/libopencm3_stm32L4.a(rcc.o)
rcc_set_msi_range_standby                         ./libopencm3/lib/libopencm3_stm32L4.a(rcc.o)
rcc_set_pll_source                                ./libopencm3/lib/libopencm3_stm32L4.a(rcc.o)
rcc_set_ppre1                                     ./libopencm3/lib/libopencm3_stm32L4.a(rcc.o)
rcc_set_ppre2                                     ./libopencm3/lib/libopencm3_stm32L4.a(rcc.o)
rcc_set_rtc_clock_source                          ./libopencm3/lib/libopencm3_stm32L4.a(rcc.o)
rcc_set_sysclk_source                             ./libopencm3/lib/libopencm3_stm32L4.a(rcc.o)
                                                  out/init.o
rcc_system_clock_source                           ./libopencm3/lib/libopencm3_stm32L4.a(rcc.o)
rcc_wait_for_osc_ready                            ./libopencm3/lib/libopencm3_stm32L4.a(rcc.o)
rcc_wait_for_sysclk_status                        ./libopencm3/lib/libopencm3_stm32L4.a(rcc.o)
                                                  out/init.o
reset_handler                                     ./libopencm3/lib/libopencm3_stm32L4.a(vector.o)
rng_isr                                           ./libopencm3/lib/libopencm3_stm32L4.a(vector.o)
rtc_alarm_isr                                     ./libopencm3/lib/libopencm3_stm32L4.a(vector.o)
rtc_wkup_isr                                      ./libopencm3/lib/libopencm3_stm32L4.a(vector.o)
sai1_isr                                          ./libopencm3/lib/libopencm3_stm32L4.a(vector.o)
sai2_isr                                          ./libopencm3/lib/libopencm3_stm32L4.a(vector.o)
sdmmc1_isr                                        ./libopencm3/lib/libopencm3_stm32L4.a(vector.o)
spi1_isr                                          ./libopencm3/lib/libopencm3_stm32L4.a(vector.o)
spi2_isr                                          ./libopencm3/lib/libopencm3_stm32L4.a(vector.o)
spi3_isr                                          ./libopencm3/lib/libopencm3_stm32L4.a(vector.o)
sv_call_handler                                   ./libopencm3/lib/libopencm3_stm32L4.a(vector.o)
swpmi1_isr                                        ./libopencm3/lib/libopencm3_stm32L4.a(vector.o)
sys_tick_handler                                  ./libopencm3/lib/libopencm3_stm32L4.a(vector.o)
tamp_stamp_isr                                    ./libopencm3/lib/libopencm3_stm32L4.a(vector.o)
tim1_brk_tim15_isr                                ./libopencm3/lib/libopencm3_stm32L4.a(vector.o)
tim1_cc_isr                                       ./libopencm3/lib/libopencm3_stm32L4.a(vector.o)
tim1_trg_com_tim17_isr                            ./libopencm3/lib/libopencm3_stm32L4.a(vector.o)
tim1_up_tim16_isr                                 ./libopencm3/lib/libopencm3_stm32L4.a(vector.o)
tim2_isr                                          ./libopencm3/lib/libopencm3_stm32L4.a(vector.o)
tim3_isr                                          ./libopencm3/lib/libopencm3_stm32L4.a(vector.o)
tim4_isr                                          ./libopencm3/lib/libopencm3_stm32L4.a(vector.o)
tim5_isr                                          ./libopencm3/lib/libopencm3_stm32L4.a(vector.o)
tim6_dacunder_isr                                 ./libopencm3/lib/libopencm3_stm32L4.a(vector.o)
tim7_isr                                          ./libopencm3/lib/libopencm3_stm32L4.a(vector.o)
tim8_brk_isr                                      ./libopencm3/lib/libopencm3_stm32L4.a(vector.o)
tim8_cc_isr                                       ./libopencm3/lib/libopencm3_stm32L4.a(vector.o)
tim8_trg_com_isr                                  ./libopencm3/lib/libopencm3_stm32L4.a(vector.o)
tim8_up_isr                                       ./libopencm3/lib/libopencm3_stm32L4.a(vector.o)
tsc_isr                                           ./libopencm3/lib/libopencm3_stm32L4.a(vector.o)
uart4_isr                                         ./libopencm3/lib/libopencm3_stm32L4.a(vector.o)
uart5_isr                                         ./libopencm3/lib/libopencm3_stm32L4.a(vector.o)
uart_feedback_tx                                  out/uart.o
uart_init                                         out/uart.o
usage_fault_handler                               ./libopencm3/lib/libopencm3_stm32L4.a(vector.o)
usart1_isr                                        ./libopencm3/lib/libopencm3_stm32L4.a(vector.o)
usart2_isr                                        ./libopencm3/lib/libopencm3_stm32L4.a(vector.o)
usart3_isr                                        ./libopencm3/lib/libopencm3_stm32L4.a(vector.o)
usart_disable                                     ./libopencm3/lib/libopencm3_stm32L4.a(usart_common_all.o)
usart_disable_data_inversion                      ./libopencm3/lib/libopencm3_stm32L4.a(usart_common_v2.o)
usart_disable_error_interrupt                     ./libopencm3/lib/libopencm3_stm32L4.a(usart_common_all.o)
usart_disable_halfduplex                          ./libopencm3/lib/libopencm3_stm32L4.a(usart_common_v2.o)
usart_disable_idle_interrupt                      ./libopencm3/lib/libopencm3_stm32L4.a(usart_common_all.o)
usart_disable_rx_dma                              ./libopencm3/lib/libopencm3_stm32L4.a(usart_common_all.o)
usart_disable_rx_interrupt                        ./libopencm3/lib/libopencm3_stm32L4.a(usart_common_all.o)
usart_disable_rx_inversion                        ./libopencm3/lib/libopencm3_stm32L4.a(usart_common_v2.o)
usart_disable_rx_timeout                          ./libopencm3/lib/libopencm3_stm32L4.a(usart_common_v2.o)
usart_disable_rx_timeout_interrupt                ./libopencm3/lib/libopencm3_stm32L4.a(usart_common_v2.o)
usart_disable_tx_complete_interrupt               ./libopencm3/lib/libopencm3_stm32L4.a(usart_common_all.o)
usart_disable_tx_dma                              ./libopencm3/lib/libopencm3_stm32L4.a(usart_common_all.o)
usart_disable_tx_interrupt                        ./libopencm3/lib/libopencm3_stm32L4.a(usart_common_all.o)
usart_disable_tx_inversion                        ./libopencm3/lib/libopencm3_stm32L4.a(usart_common_v2.o)
usart_enable                                      ./libopencm3/lib/libopencm3_stm32L4.a(usart_common_all.o)
                                                  out/uart.o
usart_enable_data_inversion                       ./libopencm3/lib/libopencm3_stm32L4.a(usart_common_v2.o)
usart_enable_error_interrupt                      ./libopencm3/lib/libopencm3_stm32L4.a(usart_common_all.o)
usart_enable_halfduplex                           ./libopencm3/lib/libopencm3_stm32L4.a(usart_common_v2.o)
usart_enable_idle_interrupt                       ./libopencm3/lib/libopencm3_stm32L4.a(usart_common_all.o)
usart_enable_rx_dma                               ./libopencm3/lib/libopencm3_stm32L4.a(usart_common_all.o)
                                                  out/uart.o
usart_enable_rx_interrupt                         ./libopencm3/lib/libopencm3_stm32L4.a(usart_common_all.o)
usart_enable_rx_inversion                         ./libopencm3/lib/libopencm3_stm32L4.a(usart_common_v2.o)
usart_enable_rx_timeout                           ./libopencm3/lib/libopencm3_stm32L4.a(usart_common_v2.o)
usart_enable_rx_timeout_interrupt                 ./libopencm3/lib/libopencm3_stm32L4.a(usart_common_v2.o)
usart_enable_tx_complete_interrupt                ./libopencm3/lib/libopencm3_stm32L4.a(usart_common_all.o)
usart_enable_tx_dma                               ./libopencm3/lib/libopencm3_stm32L4.a(usart_common_all.o)
                                                  out/uart.o
usart_enable_tx_interrupt                         ./libopencm3/lib/libopencm3_stm32L4.a(usart_common_all.o)
usart_enable_tx_inversion                         ./libopencm3/lib/libopencm3_stm32L4.a(usart_common_v2.o)
usart_get_flag                                    ./libopencm3/lib/libopencm3_stm32L4.a(usart_common_v2.o)
usart_recv                                        ./libopencm3/lib/libopencm3_stm32L4.a(usart_common_v2.o)
                                                  ./libopencm3/lib/libopencm3_stm32L4.a(usart_common_all.o)
usart_recv_blocking                               ./libopencm3/lib/libopencm3_stm32L4.a(usart_common_all.o)
usart_send                                        ./libopencm3/lib/libopencm3_stm32L4.a(usart_common_v2.o)
                                                  ./libopencm3/lib/libopencm3_stm32L4.a(usart_common_all.o)
usart_send_blocking                               ./libopencm3/lib/libopencm3_stm32L4.a(usart_common_all.o)
usart_set_baudrate                                ./libopencm3/lib/libopencm3_stm32L4.a(usart_common_all.o)
                                                  out/uart.o
usart_set_databits                                ./libopencm3/lib/libopencm3_stm32L4.a(usart_common_all.o)
usart_set_flow_control                            ./libopencm3/lib/libopencm3_stm32L4.a(usart_common_all.o)
usart_set_mode                                    ./libopencm3/lib/libopencm3_stm32L4.a(usart_common_all.o)
                                                  out/uart.o
usart_set_parity                                  ./libopencm3/lib/libopencm3_stm32L4.a(usart_common_all.o)
usart_set_rx_timeout_value                        ./libopencm3/lib/libopencm3_stm32L4.a(usart_common_v2.o)
usart_set_stopbits                                ./libopencm3/lib/libopencm3_stm32L4.a(usart_common_all.o)
usart_wait_recv_ready                             ./libopencm3/lib/libopencm3_stm32L4.a(usart_common_v2.o)
                                                  ./libopencm3/lib/libopencm3_stm32L4.a(usart_common_all.o)
usart_wait_send_ready                             ./libopencm3/lib/libopencm3_stm32L4.a(usart_common_v2.o)
                                                  ./libopencm3/lib/libopencm3_stm32L4.a(usart_common_all.o)
vector_table                                      ./libopencm3/lib/libopencm3_stm32L4.a(vector.o)
wwdg_isr                                          ./libopencm3/lib/libopencm3_stm32L4.a(vector.o)
